// Jest Snapshot v1, https://goo.gl/fbAQLP

exports[`<PokemonCard /> matches the snapshot 1`] = `
Object {
  "asFragment": [Function],
  "baseElement": <body>
    <div>
      <div
        class=" bg-gray-100 w-52 h-80 flex flex-col justify-around my-6 mx-auto rounded-lg border border-gray-500"
      >
        <img
          alt="pokemon bulbasaur"
          class="self-center w-full"
          loading="lazy"
          src="https://assets.pokemon.com/assets/cms2/img/pokedex/full/1.png"
        />
        <div
          class="rounded-full py-0 px-3 bg-gray-400 w-16 text-center self-center mb-2"
        >
          <span
            class="relative font-semibold text-white"
          >
            #
            1
          </span>
        </div>
        <div
          class="bg-white flex items-start flex-col-reverse py-3 px-0 rounded-b-lg"
        >
          <div
            class="self-start my-1 mx-3"
          >
            <span
              class="rounded"
              style="background: rgb(120, 200, 80); padding: 1px 3px; margin: 0px 3px;"
            >
              Grass
            </span>
            <span
              class="rounded"
              style="background: rgb(104, 160, 144); padding: 1px 3px; margin: 0px 3px;"
            >
              poison
            </span>
          </div>
          <div
            class="self-start my-0 mx-3 font-light"
          >
            bulbasaur
          </div>
        </div>
      </div>
    </div>
  </body>,
  "container": <div>
    <div
      class=" bg-gray-100 w-52 h-80 flex flex-col justify-around my-6 mx-auto rounded-lg border border-gray-500"
    >
      <img
        alt="pokemon bulbasaur"
        class="self-center w-full"
        loading="lazy"
        src="https://assets.pokemon.com/assets/cms2/img/pokedex/full/1.png"
      />
      <div
        class="rounded-full py-0 px-3 bg-gray-400 w-16 text-center self-center mb-2"
      >
        <span
          class="relative font-semibold text-white"
        >
          #
          1
        </span>
      </div>
      <div
        class="bg-white flex items-start flex-col-reverse py-3 px-0 rounded-b-lg"
      >
        <div
          class="self-start my-1 mx-3"
        >
          <span
            class="rounded"
            style="background: rgb(120, 200, 80); padding: 1px 3px; margin: 0px 3px;"
          >
            Grass
          </span>
          <span
            class="rounded"
            style="background: rgb(104, 160, 144); padding: 1px 3px; margin: 0px 3px;"
          >
            poison
          </span>
        </div>
        <div
          class="self-start my-0 mx-3 font-light"
        >
          bulbasaur
        </div>
      </div>
    </div>
  </div>,
  "debug": [Function],
  "findAllByAltText": [Function],
  "findAllByDisplayValue": [Function],
  "findAllByLabelText": [Function],
  "findAllByPlaceholderText": [Function],
  "findAllByRole": [Function],
  "findAllByTestId": [Function],
  "findAllByText": [Function],
  "findAllByTitle": [Function],
  "findByAltText": [Function],
  "findByDisplayValue": [Function],
  "findByLabelText": [Function],
  "findByPlaceholderText": [Function],
  "findByRole": [Function],
  "findByTestId": [Function],
  "findByText": [Function],
  "findByTitle": [Function],
  "getAllByAltText": [Function],
  "getAllByDisplayValue": [Function],
  "getAllByLabelText": [Function],
  "getAllByPlaceholderText": [Function],
  "getAllByRole": [Function],
  "getAllByTestId": [Function],
  "getAllByText": [Function],
  "getAllByTitle": [Function],
  "getByAltText": [Function],
  "getByDisplayValue": [Function],
  "getByLabelText": [Function],
  "getByPlaceholderText": [Function],
  "getByRole": [Function],
  "getByTestId": [Function],
  "getByText": [Function],
  "getByTitle": [Function],
  "queryAllByAltText": [Function],
  "queryAllByDisplayValue": [Function],
  "queryAllByLabelText": [Function],
  "queryAllByPlaceholderText": [Function],
  "queryAllByRole": [Function],
  "queryAllByTestId": [Function],
  "queryAllByText": [Function],
  "queryAllByTitle": [Function],
  "queryByAltText": [Function],
  "queryByDisplayValue": [Function],
  "queryByLabelText": [Function],
  "queryByPlaceholderText": [Function],
  "queryByRole": [Function],
  "queryByTestId": [Function],
  "queryByText": [Function],
  "queryByTitle": [Function],
  "rerender": [Function],
  "unmount": [Function],
}
`;
